/home/boruihu/miniconda3/envs/rawic/lib/python3.10/site-packages/compressai/models/video/google.py:353: FutureWarning: `torch.cuda.amp.autocast(args...)` is deprecated. Please use `torch.amp.autocast('cuda', args...)` instead.
  @amp.autocast(enabled=False)
Not using distributed mode
[16:50:35.261873] Job directory: /home/boruihu/work/tmp/seec-bitdepth
[16:50:35.261927] Arguments:
{'config': 'configs/seg_T_mul_T_part4_bounds_uniform.py',
'store': True,
'resume': '',
'mute': False,
'dist_on_itp': False,
'seed': 1,
'output_dir': 'experiments',
'device': 'cuda',
'batch_size': 64,
'num_workers': 16,
'lr': 0.0001,
'aux_lr': 0.001,
'num_epochs': 1000,
'lr_reduce_patience': 30,
'lr_reduce_factor': 0.9,
'multistep': False,
'gamma': 0.9,
'clip_grad': 1.0,
'p_hflip': 0.5,
'p_vflip': 0.5,
'train_path': './data/DIV2K_train_p128',
'val_path': './data/DIV2K_valid_p128',
'prefetch_factor': 8,
'patch_sz': 64,
'warmup': False,
'warmup_epochs': 5,
'dist_backend': 'nccl',
'dist_url': 'env://',
'world_size': 1,
'upper_bound_mode': 'uniform',
'upper_bound_bits': 3,
'lower_bound_mode': 'uniform',
'lower_bound_bits': 3,
'num_ch': 192,
'prior_ch': 256,
'partite': 4,
'y_ch_ch_out': 8,
'y_sp_ch_out': 8,
'fs_ch_out': 256,
'x_sp_ch_out': 256,
'fs_ch_in': 512,
'no_multichannel_lmm': True,
'mix_num': 5,
'start_bit': 5,
'end_bit': 8,
'num_bits': 4,
'emb_ch': 512,
'num_cls': 2,
'ep_ch_in': 256,
'ep_ch_out': 50,
'distributed': False}
[16:50:35.261931] Global batch size: 64
[16:50:35.261934] Learning rate: 0.0001
[16:50:35.263390] Model = SeecRangeNet(
  (seg_img_compressor): PriorCompressionModel(
    (g_a): Analysis(
      (layers): Sequential(
        (0): AnalysisBlock(
          (conv1): Conv2d(3, 192, kernel_size=(3, 3), stride=(1, 1), padding=(1, 1))
          (leaky_relu): LeakyReLU(negative_slope=0.01, inplace=True)
          (conv2): Conv2d(192, 192, kernel_size=(3, 3), stride=(2, 2), padding=(1, 1))
          (gdn): GDN(
            (beta_reparam): NonNegativeParametrizer(
              (lower_bound): LowerBound()
            )
            (gamma_reparam): NonNegativeParametrizer(
              (lower_bound): LowerBound()
            )
          )
          (skip): Conv2d(3, 192, kernel_size=(3, 3), stride=(2, 2), padding=(1, 1))
          (rb): ResidualBlock(
            (conv1): Conv2d(192, 192, kernel_size=(3, 3), stride=(1, 1), padding=(1, 1))
            (leaky_relu): LeakyReLU(negative_slope=0.01, inplace=True)
            (conv2): Conv2d(192, 192, kernel_size=(3, 3), stride=(1, 1), padding=(1, 1))
          )
        )
        (1): AnalysisBlock(
          (conv1): Conv2d(192, 192, kernel_size=(3, 3), stride=(1, 1), padding=(1, 1))
          (leaky_relu): LeakyReLU(negative_slope=0.01, inplace=True)
          (conv2): Conv2d(192, 192, kernel_size=(3, 3), stride=(2, 2), padding=(1, 1))
          (gdn): GDN(
            (beta_reparam): NonNegativeParametrizer(
              (lower_bound): LowerBound()
            )
            (gamma_reparam): NonNegativeParametrizer(
              (lower_bound): LowerBound()
            )
          )
          (skip): Conv2d(192, 192, kernel_size=(3, 3), stride=(2, 2), padding=(1, 1))
          (rb): ResidualBlock(
            (conv1): Conv2d(192, 192, kernel_size=(3, 3), stride=(1, 1), padding=(1, 1))
            (leaky_relu): LeakyReLU(negative_slope=0.01, inplace=True)
            (conv2): Conv2d(192, 192, kernel_size=(3, 3), stride=(1, 1), padding=(1, 1))
          )
        )
        (2): SWin_Attention(
          (conv_a): Sequential(
            (0): ResidualUnit(
              (conv): Sequential(
                (0): Conv2d(192, 96, kernel_size=(1, 1), stride=(1, 1))
                (1): GELU(approximate='none')
                (2): Conv2d(96, 96, kernel_size=(3, 3), stride=(1, 1), padding=(1, 1))
                (3): GELU(approximate='none')
                (4): Conv2d(96, 192, kernel_size=(1, 1), stride=(1, 1))
              )
              (relu): GELU(approximate='none')
            )
            (1): ResidualUnit(
              (conv): Sequential(
                (0): Conv2d(192, 96, kernel_size=(1, 1), stride=(1, 1))
                (1): GELU(approximate='none')
                (2): Conv2d(96, 96, kernel_size=(3, 3), stride=(1, 1), padding=(1, 1))
                (3): GELU(approximate='none')
                (4): Conv2d(96, 192, kernel_size=(1, 1), stride=(1, 1))
              )
              (relu): GELU(approximate='none')
            )
            (2): ResidualUnit(
              (conv): Sequential(
                (0): Conv2d(192, 96, kernel_size=(1, 1), stride=(1, 1))
                (1): GELU(approximate='none')
                (2): Conv2d(96, 96, kernel_size=(3, 3), stride=(1, 1), padding=(1, 1))
                (3): GELU(approximate='none')
                (4): Conv2d(96, 192, kernel_size=(1, 1), stride=(1, 1))
              )
              (relu): GELU(approximate='none')
            )
          )
          (conv_b): Sequential(
            (0): WinBasedAttention(
              (attn): WindowAttention(
                (qkv): Linear(in_features=192, out_features=576, bias=True)
                (attn_drop): Dropout(p=0.0, inplace=False)
                (proj): Linear(in_features=192, out_features=192, bias=True)
                (proj_drop): Dropout(p=0.0, inplace=False)
                (softmax): Softmax(dim=-1)
              )
              (drop_path): Identity()
            )
            (1): Conv2d(192, 192, kernel_size=(1, 1), stride=(1, 1))
            (2): WinBasedAttention(
              (attn): WindowAttention(
                (qkv): Linear(in_features=192, out_features=576, bias=True)
                (attn_drop): Dropout(p=0.0, inplace=False)
                (proj): Linear(in_features=192, out_features=192, bias=True)
                (proj_drop): Dropout(p=0.0, inplace=False)
                (softmax): Softmax(dim=-1)
              )
              (drop_path): Identity()
            )
            (3): Conv2d(192, 192, kernel_size=(1, 1), stride=(1, 1))
          )
        )
        (3): AnalysisBlock(
          (conv1): Conv2d(192, 192, kernel_size=(3, 3), stride=(1, 1), padding=(1, 1))
          (leaky_relu): LeakyReLU(negative_slope=0.01, inplace=True)
          (conv2): Conv2d(192, 192, kernel_size=(3, 3), stride=(2, 2), padding=(1, 1))
          (gdn): GDN(
            (beta_reparam): NonNegativeParametrizer(
              (lower_bound): LowerBound()
            )
            (gamma_reparam): NonNegativeParametrizer(
              (lower_bound): LowerBound()
            )
          )
          (skip): Conv2d(192, 192, kernel_size=(3, 3), stride=(2, 2), padding=(1, 1))
          (rb): ResidualBlock(
            (conv1): Conv2d(192, 192, kernel_size=(3, 3), stride=(1, 1), padding=(1, 1))
            (leaky_relu): LeakyReLU(negative_slope=0.01, inplace=True)
            (conv2): Conv2d(192, 192, kernel_size=(3, 3), stride=(1, 1), padding=(1, 1))
          )
        )
        (4): Conv2d(192, 192, kernel_size=(3, 3), stride=(2, 2), padding=(1, 1))
        (5): SWin_Attention(
          (conv_a): Sequential(
            (0): ResidualUnit(
              (conv): Sequential(
                (0): Conv2d(192, 96, kernel_size=(1, 1), stride=(1, 1))
                (1): GELU(approximate='none')
                (2): Conv2d(96, 96, kernel_size=(3, 3), stride=(1, 1), padding=(1, 1))
                (3): GELU(approximate='none')
                (4): Conv2d(96, 192, kernel_size=(1, 1), stride=(1, 1))
              )
              (relu): GELU(approximate='none')
            )
            (1): ResidualUnit(
              (conv): Sequential(
                (0): Conv2d(192, 96, kernel_size=(1, 1), stride=(1, 1))
                (1): GELU(approximate='none')
                (2): Conv2d(96, 96, kernel_size=(3, 3), stride=(1, 1), padding=(1, 1))
                (3): GELU(approximate='none')
                (4): Conv2d(96, 192, kernel_size=(1, 1), stride=(1, 1))
              )
              (relu): GELU(approximate='none')
            )
            (2): ResidualUnit(
              (conv): Sequential(
                (0): Conv2d(192, 96, kernel_size=(1, 1), stride=(1, 1))
                (1): GELU(approximate='none')
                (2): Conv2d(96, 96, kernel_size=(3, 3), stride=(1, 1), padding=(1, 1))
                (3): GELU(approximate='none')
                (4): Conv2d(96, 192, kernel_size=(1, 1), stride=(1, 1))
              )
              (relu): GELU(approximate='none')
            )
          )
          (conv_b): Sequential(
            (0): WinBasedAttention(
              (attn): WindowAttention(
                (qkv): Linear(in_features=192, out_features=576, bias=True)
                (attn_drop): Dropout(p=0.0, inplace=False)
                (proj): Linear(in_features=192, out_features=192, bias=True)
                (proj_drop): Dropout(p=0.0, inplace=False)
                (softmax): Softmax(dim=-1)
              )
              (drop_path): Identity()
            )
            (1): Conv2d(192, 192, kernel_size=(1, 1), stride=(1, 1))
            (2): WinBasedAttention(
              (attn): WindowAttention(
                (qkv): Linear(in_features=192, out_features=576, bias=True)
                (attn_drop): Dropout(p=0.0, inplace=False)
                (proj): Linear(in_features=192, out_features=192, bias=True)
                (proj_drop): Dropout(p=0.0, inplace=False)
                (softmax): Softmax(dim=-1)
              )
              (drop_path): Identity()
            )
            (3): Conv2d(192, 192, kernel_size=(1, 1), stride=(1, 1))
          )
        )
      )
    )
    (g_s): Synthesis(
      (layers): Sequential(
        (0): SWin_Attention(
          (conv_a): Sequential(
            (0): ResidualUnit(
              (conv): Sequential(
                (0): Conv2d(192, 96, kernel_size=(1, 1), stride=(1, 1))
                (1): GELU(approximate='none')
                (2): Conv2d(96, 96, kernel_size=(3, 3), stride=(1, 1), padding=(1, 1))
                (3): GELU(approximate='none')
                (4): Conv2d(96, 192, kernel_size=(1, 1), stride=(1, 1))
              )
              (relu): GELU(approximate='none')
            )
            (1): ResidualUnit(
              (conv): Sequential(
                (0): Conv2d(192, 96, kernel_size=(1, 1), stride=(1, 1))
                (1): GELU(approximate='none')
                (2): Conv2d(96, 96, kernel_size=(3, 3), stride=(1, 1), padding=(1, 1))
                (3): GELU(approximate='none')
                (4): Conv2d(96, 192, kernel_size=(1, 1), stride=(1, 1))
              )
              (relu): GELU(approximate='none')
            )
            (2): ResidualUnit(
              (conv): Sequential(
                (0): Conv2d(192, 96, kernel_size=(1, 1), stride=(1, 1))
                (1): GELU(approximate='none')
                (2): Conv2d(96, 96, kernel_size=(3, 3), stride=(1, 1), padding=(1, 1))
                (3): GELU(approximate='none')
                (4): Conv2d(96, 192, kernel_size=(1, 1), stride=(1, 1))
              )
              (relu): GELU(approximate='none')
            )
          )
          (conv_b): Sequential(
            (0): WinBasedAttention(
              (attn): WindowAttention(
                (qkv): Linear(in_features=192, out_features=576, bias=True)
                (attn_drop): Dropout(p=0.0, inplace=False)
                (proj): Linear(in_features=192, out_features=192, bias=True)
                (proj_drop): Dropout(p=0.0, inplace=False)
                (softmax): Softmax(dim=-1)
              )
              (drop_path): Identity()
            )
            (1): Conv2d(192, 192, kernel_size=(1, 1), stride=(1, 1))
            (2): WinBasedAttention(
              (attn): WindowAttention(
                (qkv): Linear(in_features=192, out_features=576, bias=True)
                (attn_drop): Dropout(p=0.0, inplace=False)
                (proj): Linear(in_features=192, out_features=192, bias=True)
                (proj_drop): Dropout(p=0.0, inplace=False)
                (softmax): Softmax(dim=-1)
              )
              (drop_path): Identity()
            )
            (3): Conv2d(192, 192, kernel_size=(1, 1), stride=(1, 1))
          )
        )
        (1): SynthesisBlock(
          (rb): ResidualBlock(
            (conv1): Conv2d(192, 192, kernel_size=(3, 3), stride=(1, 1), padding=(1, 1))
            (leaky_relu): LeakyReLU(negative_slope=0.01, inplace=True)
            (conv2): Conv2d(192, 192, kernel_size=(3, 3), stride=(1, 1), padding=(1, 1))
          )
          (conv_up): Sequential(
            (0): Conv2d(192, 768, kernel_size=(3, 3), stride=(1, 1), padding=(1, 1))
            (1): PixelShuffle(upscale_factor=2)
          )
          (igdn): GDN(
            (beta_reparam): NonNegativeParametrizer(
              (lower_bound): LowerBound()
            )
            (gamma_reparam): NonNegativeParametrizer(
              (lower_bound): LowerBound()
            )
          )
          (conv): Conv2d(192, 192, kernel_size=(3, 3), stride=(1, 1), padding=(1, 1))
          (leaky_relu): LeakyReLU(negative_slope=0.01, inplace=True)
          (upsample): Sequential(
            (0): Conv2d(192, 768, kernel_size=(3, 3), stride=(1, 1), padding=(1, 1))
            (1): PixelShuffle(upscale_factor=2)
          )
        )
        (2): SynthesisBlock(
          (rb): ResidualBlock(
            (conv1): Conv2d(192, 192, kernel_size=(3, 3), stride=(1, 1), padding=(1, 1))
            (leaky_relu): LeakyReLU(negative_slope=0.01, inplace=True)
            (conv2): Conv2d(192, 192, kernel_size=(3, 3), stride=(1, 1), padding=(1, 1))
          )
          (conv_up): Sequential(
            (0): Conv2d(192, 768, kernel_size=(3, 3), stride=(1, 1), padding=(1, 1))
            (1): PixelShuffle(upscale_factor=2)
          )
          (igdn): GDN(
            (beta_reparam): NonNegativeParametrizer(
              (lower_bound): LowerBound()
            )
            (gamma_reparam): NonNegativeParametrizer(
              (lower_bound): LowerBound()
            )
          )
          (conv): Conv2d(192, 192, kernel_size=(3, 3), stride=(1, 1), padding=(1, 1))
          (leaky_relu): LeakyReLU(negative_slope=0.01, inplace=True)
          (upsample): Sequential(
            (0): Conv2d(192, 768, kernel_size=(3, 3), stride=(1, 1), padding=(1, 1))
            (1): PixelShuffle(upscale_factor=2)
          )
        )
        (3): SWin_Attention(
          (conv_a): Sequential(
            (0): ResidualUnit(
              (conv): Sequential(
                (0): Conv2d(192, 96, kernel_size=(1, 1), stride=(1, 1))
                (1): GELU(approximate='none')
                (2): Conv2d(96, 96, kernel_size=(3, 3), stride=(1, 1), padding=(1, 1))
                (3): GELU(approximate='none')
                (4): Conv2d(96, 192, kernel_size=(1, 1), stride=(1, 1))
              )
              (relu): GELU(approximate='none')
            )
            (1): ResidualUnit(
              (conv): Sequential(
                (0): Conv2d(192, 96, kernel_size=(1, 1), stride=(1, 1))
                (1): GELU(approximate='none')
                (2): Conv2d(96, 96, kernel_size=(3, 3), stride=(1, 1), padding=(1, 1))
                (3): GELU(approximate='none')
                (4): Conv2d(96, 192, kernel_size=(1, 1), stride=(1, 1))
              )
              (relu): GELU(approximate='none')
            )
            (2): ResidualUnit(
              (conv): Sequential(
                (0): Conv2d(192, 96, kernel_size=(1, 1), stride=(1, 1))
                (1): GELU(approximate='none')
                (2): Conv2d(96, 96, kernel_size=(3, 3), stride=(1, 1), padding=(1, 1))
                (3): GELU(approximate='none')
                (4): Conv2d(96, 192, kernel_size=(1, 1), stride=(1, 1))
              )
              (relu): GELU(approximate='none')
            )
          )
          (conv_b): Sequential(
            (0): WinBasedAttention(
              (attn): WindowAttention(
                (qkv): Linear(in_features=192, out_features=576, bias=True)
                (attn_drop): Dropout(p=0.0, inplace=False)
                (proj): Linear(in_features=192, out_features=192, bias=True)
                (proj_drop): Dropout(p=0.0, inplace=False)
                (softmax): Softmax(dim=-1)
              )
              (drop_path): Identity()
            )
            (1): Conv2d(192, 192, kernel_size=(1, 1), stride=(1, 1))
            (2): WinBasedAttention(
              (attn): WindowAttention(
                (qkv): Linear(in_features=192, out_features=576, bias=True)
                (attn_drop): Dropout(p=0.0, inplace=False)
                (proj): Linear(in_features=192, out_features=192, bias=True)
                (proj_drop): Dropout(p=0.0, inplace=False)
                (softmax): Softmax(dim=-1)
              )
              (drop_path): Identity()
            )
            (3): Conv2d(192, 192, kernel_size=(1, 1), stride=(1, 1))
          )
        )
        (4): SynthesisBlock(
          (rb): ResidualBlock(
            (conv1): Conv2d(192, 192, kernel_size=(3, 3), stride=(1, 1), padding=(1, 1))
            (leaky_relu): LeakyReLU(negative_slope=0.01, inplace=True)
            (conv2): Conv2d(192, 192, kernel_size=(3, 3), stride=(1, 1), padding=(1, 1))
          )
          (conv_up): Sequential(
            (0): Conv2d(192, 768, kernel_size=(3, 3), stride=(1, 1), padding=(1, 1))
            (1): PixelShuffle(upscale_factor=2)
          )
          (igdn): GDN(
            (beta_reparam): NonNegativeParametrizer(
              (lower_bound): LowerBound()
            )
            (gamma_reparam): NonNegativeParametrizer(
              (lower_bound): LowerBound()
            )
          )
          (conv): Conv2d(192, 192, kernel_size=(3, 3), stride=(1, 1), padding=(1, 1))
          (leaky_relu): LeakyReLU(negative_slope=0.01, inplace=True)
          (upsample): Sequential(
            (0): Conv2d(192, 768, kernel_size=(3, 3), stride=(1, 1), padding=(1, 1))
            (1): PixelShuffle(upscale_factor=2)
          )
        )
      )
      (conv_prior): Sequential(
        (0): Conv2d(192, 1024, kernel_size=(3, 3), stride=(1, 1), padding=(1, 1))
        (1): PixelShuffle(upscale_factor=2)
      )
    )
    (latent_codec): HyperpriorLatentCodec(
      (y): CustomChannelGroupsLatentCodec(
        (channel_context): ModuleDict(
          (y1): Sequential(
            (0): Conv2d(48, 192, kernel_size=(5, 5), stride=(1, 1), padding=(2, 2))
            (1): LeakyReLU(negative_slope=0.01, inplace=True)
            (2): Conv2d(192, 272, kernel_size=(5, 5), stride=(1, 1), padding=(2, 2))
            (3): LeakyReLU(negative_slope=0.01, inplace=True)
            (4): Conv2d(272, 384, kernel_size=(5, 5), stride=(1, 1), padding=(2, 2))
          )
          (y2): Sequential(
            (0): Conv2d(96, 192, kernel_size=(5, 5), stride=(1, 1), padding=(2, 2))
            (1): LeakyReLU(negative_slope=0.01, inplace=True)
            (2): Conv2d(192, 288, kernel_size=(5, 5), stride=(1, 1), padding=(2, 2))
            (3): LeakyReLU(negative_slope=0.01, inplace=True)
            (4): Conv2d(288, 384, kernel_size=(5, 5), stride=(1, 1), padding=(2, 2))
          )
          (y3): Sequential(
            (0): Conv2d(144, 224, kernel_size=(5, 5), stride=(1, 1), padding=(2, 2))
            (1): LeakyReLU(negative_slope=0.01, inplace=True)
            (2): Conv2d(224, 304, kernel_size=(5, 5), stride=(1, 1), padding=(2, 2))
            (3): LeakyReLU(negative_slope=0.01, inplace=True)
            (4): Conv2d(304, 384, kernel_size=(5, 5), stride=(1, 1), padding=(2, 2))
          )
        )
        (latent_codec): ModuleDict(
          (y0): CustomCheckerboardLatentCodec(
            (entropy_parameters): Sequential(
              (0): Conv2d(576, 416, kernel_size=(1, 1), stride=(1, 1))
              (1): LeakyReLU(negative_slope=0.01, inplace=True)
              (2): Conv2d(416, 384, kernel_size=(1, 1), stride=(1, 1))
              (3): LeakyReLU(negative_slope=0.01, inplace=True)
              (4): Conv2d(384, 96, kernel_size=(1, 1), stride=(1, 1))
            )
            (context_prediction): CheckerboardMaskedConv2d(48, 384, kernel_size=(5, 5), stride=(1, 1), padding=(2, 2))
            (y): CustomGaussianConditionalLatentCodec(
              (gaussian_conditional): GaussianConditional(
                (likelihood_lower_bound): LowerBound()
                (lower_bound_scale): LowerBound()
              )
              (entropy_parameters): Identity()
            )
          )
          (y1): CustomCheckerboardLatentCodec(
            (entropy_parameters): Sequential(
              (0): Conv2d(960, 672, kernel_size=(1, 1), stride=(1, 1))
              (1): LeakyReLU(negative_slope=0.01, inplace=True)
              (2): Conv2d(672, 384, kernel_size=(1, 1), stride=(1, 1))
              (3): LeakyReLU(negative_slope=0.01, inplace=True)
              (4): Conv2d(384, 96, kernel_size=(1, 1), stride=(1, 1))
            )
            (context_prediction): CheckerboardMaskedConv2d(48, 384, kernel_size=(5, 5), stride=(1, 1), padding=(2, 2))
            (y): CustomGaussianConditionalLatentCodec(
              (gaussian_conditional): GaussianConditional(
                (likelihood_lower_bound): LowerBound()
                (lower_bound_scale): LowerBound()
              )
              (entropy_parameters): Identity()
            )
          )
          (y2): CustomCheckerboardLatentCodec(
            (entropy_parameters): Sequential(
              (0): Conv2d(960, 672, kernel_size=(1, 1), stride=(1, 1))
              (1): LeakyReLU(negative_slope=0.01, inplace=True)
              (2): Conv2d(672, 384, kernel_size=(1, 1), stride=(1, 1))
              (3): LeakyReLU(negative_slope=0.01, inplace=True)
              (4): Conv2d(384, 96, kernel_size=(1, 1), stride=(1, 1))
            )
            (context_prediction): CheckerboardMaskedConv2d(48, 384, kernel_size=(5, 5), stride=(1, 1), padding=(2, 2))
            (y): CustomGaussianConditionalLatentCodec(
              (gaussian_conditional): GaussianConditional(
                (likelihood_lower_bound): LowerBound()
                (lower_bound_scale): LowerBound()
              )
              (entropy_parameters): Identity()
            )
          )
          (y3): CustomCheckerboardLatentCodec(
            (entropy_parameters): Sequential(
              (0): Conv2d(960, 672, kernel_size=(1, 1), stride=(1, 1))
              (1): LeakyReLU(negative_slope=0.01, inplace=True)
              (2): Conv2d(672, 384, kernel_size=(1, 1), stride=(1, 1))
              (3): LeakyReLU(negative_slope=0.01, inplace=True)
              (4): Conv2d(384, 96, kernel_size=(1, 1), stride=(1, 1))
            )
            (context_prediction): CheckerboardMaskedConv2d(48, 384, kernel_size=(5, 5), stride=(1, 1), padding=(2, 2))
            (y): CustomGaussianConditionalLatentCodec(
              (gaussian_conditional): GaussianConditional(
                (likelihood_lower_bound): LowerBound()
                (lower_bound_scale): LowerBound()
              )
              (entropy_parameters): Identity()
            )
          )
        )
      )
      (hyper): CustomHyperLatentCodec(
        (entropy_bottleneck): CustomEntropyBottleneck(
          (likelihood_lower_bound): LowerBound()
        )
        (h_a): HyperAnalysis(
          (layers): Sequential(
            (0): Conv2d(192, 192, kernel_size=(1, 1), stride=(1, 1))
            (1): LeakyReLU(negative_slope=0.01, inplace=True)
            (2): Sequential(
              (0): PixelUnshuffle(downscale_factor=2)
              (1): Conv2d(768, 192, kernel_size=(1, 1), stride=(1, 1))
            )
            (3): LeakyReLU(negative_slope=0.01, inplace=True)
            (4): Sequential(
              (0): PixelUnshuffle(downscale_factor=2)
              (1): Conv2d(768, 192, kernel_size=(1, 1), stride=(1, 1))
            )
            (5): LeakyReLU(negative_slope=0.01, inplace=True)
            (6): Conv2d(192, 192, kernel_size=(1, 1), stride=(1, 1))
            (7): LeakyReLU(negative_slope=0.01, inplace=True)
            (8): Conv2d(192, 192, kernel_size=(1, 1), stride=(1, 1))
          )
        )
        (h_s): HyperSynthesis(
          (layers): Sequential(
            (0): Conv2d(192, 192, kernel_size=(1, 1), stride=(1, 1))
            (1): LeakyReLU(negative_slope=0.01, inplace=True)
            (2): Conv2d(192, 192, kernel_size=(1, 1), stride=(1, 1))
            (3): LeakyReLU(negative_slope=0.01, inplace=True)
            (4): Sequential(
              (0): Conv2d(192, 768, kernel_size=(1, 1), stride=(1, 1))
              (1): PixelShuffle(upscale_factor=2)
            )
            (5): LeakyReLU(negative_slope=0.01, inplace=True)
            (6): Sequential(
              (0): Conv2d(192, 768, kernel_size=(1, 1), stride=(1, 1))
              (1): PixelShuffle(upscale_factor=2)
            )
            (7): LeakyReLU(negative_slope=0.01, inplace=True)
            (8): Conv2d(192, 192, kernel_size=(1, 1), stride=(1, 1))
          )
        )
      )
    )
  )
  (sp_ctx): MaskedConv2d_P_64(3, 256, kernel_size=(7, 7), stride=(1, 1), padding=(3, 3))
  (ep): EntropyModel(
    (conv_outs): ModuleList(
      (0-1): 2 x Sequential(
        (0): Conv2d(256, 256, kernel_size=(1, 1), stride=(1, 1))
        (1): ResBlock_1x1(
          (layers): Sequential(
            (0): Conv2d(256, 256, kernel_size=(1, 1), stride=(1, 1))
            (1): LeakyReLU(negative_slope=0.01, inplace=True)
            (2): Conv2d(256, 256, kernel_size=(1, 1), stride=(1, 1))
            (3): LeakyReLU(negative_slope=0.01, inplace=True)
            (4): Conv2d(256, 256, kernel_size=(1, 1), stride=(1, 1))
            (5): LeakyReLU(negative_slope=0.01, inplace=True)
          )
        )
        (2): Conv2d(256, 256, kernel_size=(1, 1), stride=(1, 1))
        (3): LeakyReLU(negative_slope=0.01, inplace=True)
        (4): Conv2d(256, 50, kernel_size=(1, 1), stride=(1, 1))
      )
    )
  )
  (fusion): Conv2d(512, 256, kernel_size=(1, 1), stride=(1, 1))
  (upper_emb): BitEmb(
    (embedding): Sequential(
      (0): Embedding(8, 512)
      (1): Linear(in_features=512, out_features=3, bias=True)
      (2): SiLU()
      (3): Linear(in_features=3, out_features=3, bias=True)
    )
  )
  (lower_emb): BitEmb(
    (embedding): Sequential(
      (0): Embedding(8, 512)
      (1): Linear(in_features=512, out_features=3, bias=True)
      (2): SiLU()
      (3): Linear(in_features=3, out_features=3, bias=True)
    )
  )
)
[16:50:35.263958] Number of trainable parameters: 41.52M
[16:50:35.394229] Optimizer = Adam (
Parameter Group 0
    amsgrad: False
    betas: (0.9, 0.999)
    capturable: False
    decoupled_weight_decay: False
    differentiable: False
    eps: 1e-08
    foreach: None
    fused: None
    lr: 0.0001
    maximize: False
    weight_decay: 0
)
[16:50:35.394247] Aux Optimizer = Adam (
Parameter Group 0
    amsgrad: False
    betas: (0.9, 0.999)
    capturable: False
    decoupled_weight_decay: False
    differentiable: False
    eps: 1e-08
    foreach: None
    fused: None
    lr: 0.001
    maximize: False
    weight_decay: 0
)
[16:50:35.401170] Experiment dir : experiments/run-20260919-165035
[16:50:35.401180] Start training
[16:58:07.008866] New best bpp: inf -> 13.0762. Saving model...
[16:58:07.008889] Epoch: 1/ 1000, loss:13.0762
[17:05:34.287367] New best bpp: 13.0762 -> 11.5259. Saving model...
[17:05:34.287404] Epoch: 2/ 1000, loss:11.5259
[17:13:01.829125] New best bpp: 11.5259 -> 10.9253. Saving model...
[17:13:01.829181] Epoch: 3/ 1000, loss:10.9253
[17:20:29.367813] New best bpp: 10.9253 -> 10.2376. Saving model...
[17:20:29.367856] Epoch: 4/ 1000, loss:10.2376
[17:27:57.097843] New best bpp: 10.2376 -> 9.9844. Saving model...
[17:27:57.097902] Epoch: 5/ 1000, loss:9.9844
[17:35:24.944429] New best bpp: 9.9844 -> 9.8400. Saving model...
[17:35:24.944471] Epoch: 6/ 1000, loss:9.8400
[17:42:52.685255] New best bpp: 9.8400 -> 9.6439. Saving model...
[17:42:52.685289] Epoch: 7/ 1000, loss:9.6439
[17:50:20.119671] Epoch: 8/ 1000, loss:9.7128
[17:57:47.750683] Epoch: 9/ 1000, loss:9.6701
[18:05:15.381420] Epoch: 10/ 1000, loss:9.8901
[18:12:43.598987] New best bpp: 9.6439 -> 9.1751. Saving model...
[18:12:43.599013] Epoch: 11/ 1000, loss:9.1751
[18:20:12.028145] Epoch: 12/ 1000, loss:9.2957
[18:27:40.174101] Epoch: 13/ 1000, loss:9.5380
[18:35:08.029658] New best bpp: 9.1751 -> 9.1033. Saving model...
[18:35:08.029706] Epoch: 14/ 1000, loss:9.1033
[18:42:36.314814] New best bpp: 9.1033 -> 8.9574. Saving model...
[18:42:36.314861] Epoch: 15/ 1000, loss:8.9574
[18:50:04.428199] Epoch: 16/ 1000, loss:9.7032
[18:57:32.741575] New best bpp: 8.9574 -> 8.8135. Saving model...
[18:57:32.741681] Epoch: 17/ 1000, loss:8.8135
[19:05:00.671640] Epoch: 18/ 1000, loss:8.8279
[19:12:28.776836] Epoch: 19/ 1000, loss:9.4935
[19:19:56.821508] Epoch: 20/ 1000, loss:9.3479
[19:27:24.860844] Epoch: 21/ 1000, loss:8.9081
[19:34:57.697950] New best bpp: 8.8135 -> 8.7894. Saving model...
[19:34:57.698037] Epoch: 22/ 1000, loss:8.7894
[19:42:25.227657] Epoch: 23/ 1000, loss:9.0370
[19:49:52.756641] Epoch: 24/ 1000, loss:8.9093
[19:57:20.593248] New best bpp: 8.7894 -> 8.7680. Saving model...
[19:57:20.593301] Epoch: 25/ 1000, loss:8.7680
[20:04:48.484921] New best bpp: 8.7680 -> 8.6128. Saving model...
[20:04:48.484969] Epoch: 26/ 1000, loss:8.6128
[20:12:15.998013] Epoch: 27/ 1000, loss:8.7111
[20:19:43.520934] Epoch: 28/ 1000, loss:8.8372
[20:27:11.128608] Epoch: 29/ 1000, loss:8.7191
[20:34:38.645549] Epoch: 30/ 1000, loss:8.6953
[20:42:06.169642] Epoch: 31/ 1000, loss:8.8640
[20:49:33.909148] Epoch: 32/ 1000, loss:8.8632
[20:57:02.027811] Epoch: 33/ 1000, loss:9.0156
[21:04:30.162648] Epoch: 34/ 1000, loss:9.1066
[21:11:57.883966] Epoch: 35/ 1000, loss:8.7663
[21:19:25.932315] Epoch: 36/ 1000, loss:8.7516
[21:26:54.292360] New best bpp: 8.6128 -> 8.5121. Saving model...
[21:26:54.292412] Epoch: 37/ 1000, loss:8.5121
[21:34:22.660709] New best bpp: 8.5121 -> 8.4094. Saving model...
[21:34:22.660759] Epoch: 38/ 1000, loss:8.4094
[21:41:50.278441] Epoch: 39/ 1000, loss:8.4641
[21:49:18.476363] Epoch: 40/ 1000, loss:8.4881
[21:56:46.653904] Epoch: 41/ 1000, loss:8.4757
[22:04:14.878798] Epoch: 42/ 1000, loss:9.3148
[22:11:43.045335] Epoch: 43/ 1000, loss:8.7769
[22:19:11.336132] New best bpp: 8.4094 -> 8.3421. Saving model...
[22:19:11.336172] Epoch: 44/ 1000, loss:8.3421
[22:26:39.413062] Epoch: 45/ 1000, loss:8.7626
[22:34:07.094024] Epoch: 46/ 1000, loss:8.4547
[22:41:35.246781] Epoch: 47/ 1000, loss:8.4622
[22:49:14.551157] Epoch: 48/ 1000, loss:8.4088
[22:56:42.127292] Epoch: 49/ 1000, loss:8.3451
[23:04:09.980447] New best bpp: 8.3421 -> 8.2112. Saving model...
[23:04:09.980494] Epoch: 50/ 1000, loss:8.2112
[23:11:38.127108] Epoch: 51/ 1000, loss:8.5208
[23:19:05.821760] Epoch: 52/ 1000, loss:8.2443
[23:26:33.985611] Epoch: 53/ 1000, loss:8.3644
[23:34:02.242171] Epoch: 54/ 1000, loss:8.3746
[23:41:29.901759] Epoch: 55/ 1000, loss:8.3917
[23:48:58.116097] Epoch: 56/ 1000, loss:8.5908
[23:56:26.298806] Epoch: 57/ 1000, loss:8.3140
[00:03:55.613318] Epoch: 58/ 1000, loss:8.8601
[00:11:24.969934] Epoch: 59/ 1000, loss:8.2887
[00:19:02.182890] Epoch: 60/ 1000, loss:8.2469
